// Vitest Snapshot v1

exports[`CdrTooltip > default component settings > matches snapshot 1`] = `
<div
  class="cdr-tooltip--wrapper cdr-tooltip--position"
>
  <div>
    
    <button
      aria-describedby="tooltip-test"
      id="tooltip-trigger"
    />
    
  </div>
  <div
    class="cdr-popup cdr-popup--closed"
  >
    <div
      class="cdr-popup__content"
      id="tooltip-test"
      role="tooltip"
    >
      
      
      tooltip content
      
      
    </div>
    <div
      class="cdr-popup__arrow"
    />
  </div>
</div>
`;
