// Vitest Snapshot v1

exports[`CdrSwitch > matches snapshot 1`] = `
<div
  class="cdr-switch"
>
  <span
    class="cdr-switch__label"
  />
  <button
    aria-checked="false"
    class="cdr-switch__button"
    role="switch"
  >
    <span>
      <icon-check-sm-stub
        class="cdr-switch__button-icon"
      />
    </span>
    <span>
      <icon-x-sm-stub
        class="cdr-switch__button-icon"
      />
    </span>
    <div
      class="cdr-switch__slider"
    />
  </button>
</div>
`;
