// Vitest Snapshot v1, https://vitest.dev/guide/snapshot.html

exports[`CdrFulfillmentTileHeader > icon left configuration 1`] = `
<div
  class="cdr-fulfillment-tile-header"
>
  <span
    class="cdr-fulfillment-tile-header__icon"
  >
    
    X
    
  </span>
  <cdr-utility-sans-stub
    class="cdr-fulfillment-tile-header__label"
    scale="-1"
    strong="true"
    tag="span"
  />
  <!--v-if-->
</div>
`;

exports[`CdrFulfillmentTileHeader > icon right configuration 1`] = `
<div
  class="cdr-fulfillment-tile-header"
>
  <!--v-if-->
  <cdr-utility-sans-stub
    class="cdr-fulfillment-tile-header__label"
    scale="-1"
    strong="true"
    tag="span"
  />
  <span
    class="cdr-fulfillment-tile-header__icon"
  >
    
    X
    
  </span>
</div>
`;
