// Vitest Snapshot v1

exports[`CdrTabPanel > renders tab 1`] = `
<div
  aria-hidden="true"
  aria-labelledby="tab1"
  class="cdr-tab-panel"
  hidden=""
  id="tab1"
  role="tabpanel"
  tabindex="0"
>
  
  
</div>
`;

exports[`CdrTabPanel renders tab 1`] = `
<section
  aria-labelledby="test"
  aria-visible="false"
  class="cdr-tab-panel"
  id="test-panel"
  role="tabpanel"
  style="display: none;"
  tabindex="0"
>
  
  
</section>
`;
