// Vitest Snapshot v1

exports[`CdrToggleButton > component snapshot > matches the snapshot 1`] = `
<ul
  aria-label="things-foo"
  class="segmented-control"
  role="radiogroup"
>
  
  <li
    class="segmented-control__item"
    role="presentation"
  >
    <button
      aria-checked="true"
      class="cdr-toggle-button__button"
      role="radio"
      tabindex="0"
      value="thing-1"
    >
      
      
    </button>
  </li>
  <li
    class="segmented-control__item"
    role="presentation"
  >
    <button
      aria-checked="false"
      class="cdr-toggle-button__button"
      role="radio"
      tabindex="-1"
      value="thing-2"
    >
      
      
    </button>
  </li>
  <li
    class="segmented-control__item"
    role="presentation"
  >
    <button
      aria-checked="false"
      class="cdr-toggle-button__button"
      role="radio"
      tabindex="-1"
      value="thing-3"
    >
      
      
    </button>
  </li>
  
</ul>
`;

exports[`CdrToggleButton > component snapshot > when clicking on an unchecked button > matches snapshot 1`] = `
<ul
  aria-label="things-foo"
  class="segmented-control"
  role="radiogroup"
>
  
  <li
    class="segmented-control__item"
    role="presentation"
  >
    <button
      aria-checked="false"
      class="cdr-toggle-button__button"
      role="radio"
      tabindex="-1"
      value="thing-1"
    >
      
      
    </button>
  </li>
  <li
    class="segmented-control__item"
    role="presentation"
  >
    <button
      aria-checked="true"
      class="cdr-toggle-button__button"
      role="radio"
      tabindex="0"
      value="thing-2"
    >
      
      
    </button>
  </li>
  <li
    class="segmented-control__item"
    role="presentation"
  >
    <button
      aria-checked="false"
      class="cdr-toggle-button__button"
      role="radio"
      tabindex="-1"
      value="thing-3"
    >
      
      
    </button>
  </li>
  
</ul>
`;
