// Vitest Snapshot v1, https://vitest.dev/guide/snapshot.html

exports[`CdrLead > renders correctly when presented with correct data 1`] = `
<div
  class="cdr-lead cdr-lead--bottom"
>
  <div
    class="cdr-lead__top"
  >
    <!-- @slot top slot -->
    
    
  </div>
  <div
    class="cdr-lead__bottom"
  >
    <!-- @slot bottom slot -->
    
    
  </div>
</div>
`;
