// Vitest Snapshot v1

exports[`CdrLead > renders correctly when presented with correct data 1`] = `
<div
  class="cdr-lead"
>
  <div
    class="cdr-lead__media"
  >
    <!-- @slot Media slot -->
    
    <img
      alt="foo"
      src="foo.jpg"
    />
    
  </div>
  <div
    class="cdr-lead__content"
  >
    <!-- @slot Content slot -->
    
    <h1>
      Title
    </h1>
    
  </div>
</div>
`;
