// Vitest Snapshot v1, https://vitest.dev/guide/snapshot.html

exports[`CdrLandingLead > renders correctly when presented with correct data 1`] = `
<div
  class="cdr-lead cdr-lead--bottom"
>
  <div
    class="cdr-lead__top"
  >
    <!-- @slot top slot -->
    
    <img
      alt=""
      class="cdr-image cdr-landing-lead__image"
      src=""
    />
    
  </div>
  <div
    class="cdr-lead__bottom"
  >
    <!-- @slot bottom slot -->
    
    <header
      class="cdr-heading-subheading-block cdr-landing-lead__copy-block"
    >
      <h1
        class="cdr-text cdr-heading-display cdr-heading-subheading-block__heading"
        style="--cdr-heading-display-font-size: var(--cdr-type-scale-4); --cdr-heading-display-line-height: calc(var(--cdr-type-scale-4) * var(--cdr-heading-display-line-height-ratio));"
      >
        <!-- @slot CdrText content -->
        
        
        
         
        
        
        
      </h1>
      <span
        class="cdr-text cdr-subheading-sans cdr-heading-subheading-block__subheading"
        style="--cdr-subheading-sans-font-size: var(--cdr-type-scale-1); --cdr-subheading-sans-line-height: calc(var(--cdr-type-scale-1) * var(--cdr-subheading-sans-line-height-ratio));"
      >
        <!-- @slot CdrText content -->
        
        
        
        
        
        
        
      </span>
    </header>
    
  </div>
</div>
`;
